../Application/User/stepper.c:29:13:Stepper_Write	16	static
../Application/User/stepper.c:37:13:Stepper_AllOff	8	static
../Application/User/stepper.c:45:13:Stepper_TimerConfig	24	static
../Application/User/stepper.c:56:6:Stepper_Init	16	static
../Application/User/stepper.c:90:6:Stepper_MoveSteps	16	static
../Application/User/stepper.c:103:6:Stepper_MoveToFloor	24	static
../Application/User/stepper.c:128:6:Stepper_Stop	8	static
../Application/User/stepper.c:141:9:Stepper_IsBusy	4	static
../Application/User/stepper.c:146:9:Stepper_GetCurrentFloor	4	static
../Application/User/stepper.c:151:9:Stepper_GetTargetFloor	4	static
../Application/User/stepper.c:160:6:HAL_TIM_PeriodElapsedCallback	16	static
